// Jest Snapshot v1, https://goo.gl/fbAQLP

exports[`AddAttachmentButton renders add attachment button 1`] = `
<div
  className="add-attachment-button"
>
  <SecondaryButton>
    <FileField
      accept="image/*"
      label="FooBar"
      name="bar"
      onChange={[Function]}
    />
  </SecondaryButton>
  <span
    className="add-attachment-button__filename"
  />
</div>
`;
