// Jest Snapshot v1, https://goo.gl/fbAQLP

exports[`InputForm renders input form 1`] = `
<div
  className="input-form"
>
  <form
    className="input-form__form"
    id="mapseed-input-form"
    onSubmit={[Function]}
  >
    <FormField
      attachmentModels={Immutable.List []}
      disabled={false}
      fieldConfig={
        Object {
          "name": "test1",
          "type": "text",
        }
      }
      fieldState={
        Immutable.Map {
          "value": "",
          "trigger": undefined,
          "triggerTargets": undefined,
          "isVisible": true,
          "renderKey": "someCategorytest1",
          "isAutoFocusing": undefined,
          "advanceStage": undefined,
        }
      }
      key="someCategorytest1"
      map={
        Object {
          "getCenter": [Function],
          "off": [Function],
          "on": [Function],
        }
      }
      onAddAttachment={[Function]}
      onClickSubmit={[Function]}
      onFieldChange={[Function]}
      onGeometryStyleChange={[Function]}
      places={Object {}}
      router={Object {}}
      showValidityStatus={false}
      t={[Function]}
      updatingField={null}
    />
    <FormField
      attachmentModels={Immutable.List []}
      disabled={false}
      fieldConfig={
        Object {
          "name": "test2",
          "type": "text",
        }
      }
      fieldState={
        Immutable.Map {
          "value": "",
          "trigger": undefined,
          "triggerTargets": undefined,
          "isVisible": true,
          "renderKey": "someCategorytest2",
          "isAutoFocusing": undefined,
          "advanceStage": undefined,
        }
      }
      key="someCategorytest2"
      map={
        Object {
          "getCenter": [Function],
          "off": [Function],
          "on": [Function],
        }
      }
      onAddAttachment={[Function]}
      onClickSubmit={[Function]}
      onFieldChange={[Function]}
      onGeometryStyleChange={[Function]}
      places={Object {}}
      router={Object {}}
      showValidityStatus={false}
      t={[Function]}
      updatingField={null}
    />
    <FormField
      attachmentModels={Immutable.List []}
      disabled={false}
      fieldConfig={
        Object {
          "name": "test3",
          "type": "text",
        }
      }
      fieldState={
        Immutable.Map {
          "value": "",
          "trigger": undefined,
          "triggerTargets": undefined,
          "isVisible": true,
          "renderKey": "someCategorytest3",
          "isAutoFocusing": undefined,
          "advanceStage": undefined,
        }
      }
      key="someCategorytest3"
      map={
        Object {
          "getCenter": [Function],
          "off": [Function],
          "on": [Function],
        }
      }
      onAddAttachment={[Function]}
      onClickSubmit={[Function]}
      onFieldChange={[Function]}
      onGeometryStyleChange={[Function]}
      places={Object {}}
      router={Object {}}
      showValidityStatus={false}
      t={[Function]}
      updatingField={null}
    />
  </form>
</div>
`;
